// Jest Snapshot v1, https://goo.gl/fbAQLP

exports[`render home should render home 1`] = `
<div>
  <div
    class="bg-abstract min-h-screen"
  >
    <div
      class="py-3.75 px-9% pb-25 home1:p-5"
    >
      <h1
        class="text-center pb-3.75 text-green2 text-5xl ml-12 md:ml-0 mb-10"
      >
        List of Users
      </h1>
      <div
        class="grid grid-cols-1 md:grid-cols-2 lg:grid-cols-3 gap-3.75 ml-10 px-5 md:ml-0 md:px-0"
      />
      <div
        class="flex justify-between w-full mt-5"
      >
        <button
          class="px-4 py-2 ml-12 md:ml-0 bg-green2 text-white rounded disabled:opacity-50"
          disabled=""
          type="button"
        >
          Previous
        </button>
        <p
          class="text-green2 font-bold"
        >
          1
        </p>
        <button
          class="px-4 py-2 bg-green2 text-white rounded disabled:opacity-50"
          type="button"
        >
          Next
        </button>
      </div>
    </div>
  </div>
</div>
`;
